// Jest Snapshot v1, https://goo.gl/fbAQLP

exports[`HubList component matches snapshot 1`] = `
<DocumentFragment>
  .c2 {
  display: -webkit-box;
  display: -webkit-flex;
  display: -ms-flexbox;
  display: flex;
  -webkit-align-items: center;
  -webkit-box-align: center;
  -ms-flex-align: center;
  align-items: center;
  width: 100%;
  gap: 8px;
  font-weight: 400;
  -webkit-transition: background-color 1s;
  transition: background-color 1s;
}

.c0 {
  display: -webkit-box;
  display: -webkit-flex;
  display: -ms-flexbox;
  display: flex;
  -webkit-flex-direction: column;
  -ms-flex-direction: column;
  flex-direction: column;
  width: 100%;
}

.c0 .c1 {
  padding: 4px 16px;
}

<ul
    class="c0"
  >
    <li
      class="c1 c2"
    >
      Item1
    </li>
    <li
      class="c1 c2"
    >
      Item2
    </li>
    <li
      class="c1 c2"
    >
      Item3
    </li>
  </ul>
</DocumentFragment>
`;
