// Jest Snapshot v1, https://goo.gl/fbAQLP

exports[`HubAvatarMenu component matches snapshot 1`] = `
<DocumentFragment>
  .c4 {
  display: -webkit-box;
  display: -webkit-flex;
  display: -ms-flexbox;
  display: flex;
  -webkit-align-items: center;
  -webkit-box-align: center;
  -ms-flex-align: center;
  align-items: center;
  -webkit-box-pack: center;
  -webkit-justify-content: center;
  -ms-flex-pack: center;
  justify-content: center;
  width: 100%;
  height: 100%;
  border-radius: 50%;
}

.c2 {
  width: 40px;
  height: 40px;
  min-width: 40px;
  border-radius: 50%;
}

.c2 .c3 {
  font-family: Kanit;
  font-size: 20px;
  line-height: 1.4;
  -webkit-letter-spacing: 0.01em;
  -moz-letter-spacing: 0.01em;
  -ms-letter-spacing: 0.01em;
  letter-spacing: 0.01em;
  background-color: #304A5D;
  color: #040C12;
}

.c1 {
  display: -webkit-inline-box;
  display: -webkit-inline-flex;
  display: -ms-inline-flexbox;
  display: inline-flex;
  -webkit-align-items: center;
  -webkit-box-align: center;
  -ms-flex-align: center;
  align-items: center;
  -webkit-box-pack: center;
  -webkit-justify-content: center;
  -ms-flex-pack: center;
  justify-content: center;
  gap: 8px;
  border-radius: 4px;
  border: none;
  font-weight: 600;
  -webkit-transition: background-color,outline 0.5s;
  transition: background-color,outline 0.5s;
  cursor: pointer;
  white-space: nowrap;
  -webkit-text-decoration: none;
  text-decoration: none;
  width: auto;
  height: auto;
  background-color: transparent;
  color: #083350;
}

.c1:disabled {
  color: #CAD3E1;
}

.c1:hover:not(:disabled) {
  color: #08273C;
}

.c5 {
  gap: 4px;
  display: -webkit-box;
  display: -webkit-flex;
  display: -ms-flexbox;
  display: flex;
  -webkit-flex-direction: row;
  -ms-flex-direction: row;
  flex-direction: row;
  -webkit-align-items: center;
  -webkit-box-align: center;
  -ms-flex-align: center;
  align-items: center;
  -webkit-box-pack: center;
  -webkit-justify-content: center;
  -ms-flex-pack: center;
  justify-content: center;
  width: 100%;
}

.c0 {
  display: -webkit-box;
  display: -webkit-flex;
  display: -ms-flexbox;
  display: flex;
  -webkit-align-items: center;
  -webkit-box-align: center;
  -ms-flex-align: center;
  align-items: center;
  -webkit-box-pack: center;
  -webkit-justify-content: center;
  -ms-flex-pack: center;
  justify-content: center;
}

.c6 {
  font-family: Nunito Sans;
  font-size: 16px;
  line-height: 1.5714285714285714;
  -webkit-letter-spacing: 0.01em;
  -moz-letter-spacing: 0.01em;
  -ms-letter-spacing: 0.01em;
  letter-spacing: 0.01em;
  font-weight: 600;
  white-space: nowrap;
  text-overflow: ellipsis;
  overflow: hidden;
}

<div
    class="c0"
  >
    <button
      class="c1"
      type="button"
    >
      <div
        class="c2"
        color="neutral"
      >
        <span
          class="c3 c4"
        />
      </div>
      <div
        class="c5"
      >
        <span
          class="c6"
        />
      </div>
    </button>
  </div>
</DocumentFragment>
`;
