// Jest Snapshot v1, https://goo.gl/fbAQLP

exports[`HubBadge component matches snapshot 1`] = `
<DocumentFragment>
  .c0 {
  display: -webkit-box;
  display: -webkit-flex;
  display: -ms-flexbox;
  display: flex;
  -webkit-align-items: center;
  -webkit-box-align: center;
  -ms-flex-align: center;
  align-items: center;
  -webkit-box-pack: center;
  -webkit-justify-content: center;
  -ms-flex-pack: center;
  justify-content: center;
  text-align: center;
  gap: 8px;
  background-color: #E8EEF4;
  color: #304A5D;
  border-radius: 4px;
  padding: 2px 6px;
  font-family: Nunito Sans;
  font-size: 14px;
  line-height: 1.6666666666666667;
  -webkit-letter-spacing: 0.01em;
  -moz-letter-spacing: 0.01em;
  -ms-letter-spacing: 0.01em;
  letter-spacing: 0.01em;
  font-weight: 600;
}

<div
    class="c0"
  >
    Test
  </div>
</DocumentFragment>
`;
