// Jest Snapshot v1, https://goo.gl/fbAQLP

exports[`HubSkeleton component matches snapshot 1`] = `
<DocumentFragment>
  .c0 {
  display: -webkit-box;
  display: -webkit-flex;
  display: -ms-flexbox;
  display: flex;
  -webkit-flex-direction: column;
  -ms-flex-direction: column;
  flex-direction: column;
  gap: 8px;
  padding: 8px 0;
  width: 100%;
}

.c1 {
  display: inline-block;
  height: 24px;
  position: relative;
  overflow: hidden;
  background-color: #DEE2E6;
  width: 55%;
  margin-bottom: 8px;
}

.c1::after {
  position: absolute;
  top: 0;
  right: 0;
  bottom: 0;
  left: 0;
  -webkit-transform: translateX(-100%);
  -ms-transform: translateX(-100%);
  transform: translateX(-100%);
  background: linear-gradient( 90deg,rgba(255,255,255,0) 0,rgba(255,255,255,0.2) 20%,rgba(255,255,255,0.5) 60%,rgba(255,255,255,0) );
  content: '';
  -webkit-animation: dvoAGX 2s infinite;
  animation: dvoAGX 2s infinite;
}

.c2 {
  display: inline-block;
  height: 16px;
  position: relative;
  overflow: hidden;
  background-color: #DEE2E6;
  width: 80%;
}

.c2::after {
  position: absolute;
  top: 0;
  right: 0;
  bottom: 0;
  left: 0;
  -webkit-transform: translateX(-100%);
  -ms-transform: translateX(-100%);
  transform: translateX(-100%);
  background: linear-gradient( 90deg,rgba(255,255,255,0) 0,rgba(255,255,255,0.2) 20%,rgba(255,255,255,0.5) 60%,rgba(255,255,255,0) );
  content: '';
  -webkit-animation: dvoAGX 2s infinite;
  animation: dvoAGX 2s infinite;
}

.c3 {
  display: inline-block;
  height: 16px;
  position: relative;
  overflow: hidden;
  background-color: #DEE2E6;
  width: 90%;
}

.c3::after {
  position: absolute;
  top: 0;
  right: 0;
  bottom: 0;
  left: 0;
  -webkit-transform: translateX(-100%);
  -ms-transform: translateX(-100%);
  transform: translateX(-100%);
  background: linear-gradient( 90deg,rgba(255,255,255,0) 0,rgba(255,255,255,0.2) 20%,rgba(255,255,255,0.5) 60%,rgba(255,255,255,0) );
  content: '';
  -webkit-animation: dvoAGX 2s infinite;
  animation: dvoAGX 2s infinite;
}

.c4 {
  display: inline-block;
  height: 16px;
  position: relative;
  overflow: hidden;
  background-color: #DEE2E6;
  width: 83%;
}

.c4::after {
  position: absolute;
  top: 0;
  right: 0;
  bottom: 0;
  left: 0;
  -webkit-transform: translateX(-100%);
  -ms-transform: translateX(-100%);
  transform: translateX(-100%);
  background: linear-gradient( 90deg,rgba(255,255,255,0) 0,rgba(255,255,255,0.2) 20%,rgba(255,255,255,0.5) 60%,rgba(255,255,255,0) );
  content: '';
  -webkit-animation: dvoAGX 2s infinite;
  animation: dvoAGX 2s infinite;
}

.c5 {
  display: inline-block;
  height: 16px;
  position: relative;
  overflow: hidden;
  background-color: #DEE2E6;
  width: 20%;
}

.c5::after {
  position: absolute;
  top: 0;
  right: 0;
  bottom: 0;
  left: 0;
  -webkit-transform: translateX(-100%);
  -ms-transform: translateX(-100%);
  transform: translateX(-100%);
  background: linear-gradient( 90deg,rgba(255,255,255,0) 0,rgba(255,255,255,0.2) 20%,rgba(255,255,255,0.5) 60%,rgba(255,255,255,0) );
  content: '';
  -webkit-animation: dvoAGX 2s infinite;
  animation: dvoAGX 2s infinite;
}

<div
    class="c0"
  >
    <div
      class="c1"
      width="55%"
    />
    <div
      class="c2"
      width="80%"
    />
    <div
      class="c3"
      width="90%"
    />
    <div
      class="c4"
      width="83%"
    />
    <div
      class="c2"
      width="80%"
    />
    <div
      class="c5"
      width="20%"
    />
  </div>
</DocumentFragment>
`;
