// Jest Snapshot v1, https://goo.gl/fbAQLP

exports[`HubDataTableEmpty component matches snapshot 1`] = `
<DocumentFragment>
  .c0 {
  gap: 24px;
  display: -webkit-box;
  display: -webkit-flex;
  display: -ms-flexbox;
  display: flex;
  -webkit-flex-direction: column;
  -ms-flex-direction: column;
  flex-direction: column;
  -webkit-align-items: center;
  -webkit-box-align: center;
  -ms-flex-align: center;
  align-items: center;
  -webkit-box-pack: center;
  -webkit-justify-content: center;
  -ms-flex-pack: center;
  justify-content: center;
  width: 100%;
  padding: 48px 20px;
}

.c1 {
  gap: 16px;
  display: -webkit-box;
  display: -webkit-flex;
  display: -ms-flexbox;
  display: flex;
  -webkit-flex-direction: column;
  -ms-flex-direction: column;
  flex-direction: column;
  -webkit-align-items: center;
  -webkit-box-align: center;
  -ms-flex-align: center;
  align-items: center;
  -webkit-box-pack: center;
  -webkit-justify-content: center;
  -ms-flex-pack: center;
  justify-content: center;
  width: 540px;
}

.c3 {
  gap: 16px;
  display: -webkit-box;
  display: -webkit-flex;
  display: -ms-flexbox;
  display: flex;
  -webkit-flex-direction: column;
  -ms-flex-direction: column;
  flex-direction: column;
  -webkit-align-items: center;
  -webkit-box-align: center;
  -ms-flex-align: center;
  align-items: center;
  -webkit-box-pack: center;
  -webkit-justify-content: center;
  -ms-flex-pack: center;
  justify-content: center;
  width: 100%;
}

.c4 {
  font-family: Kanit;
  font-size: 32px;
  line-height: 1.2666666666666666;
  -webkit-letter-spacing: -0.01em;
  -moz-letter-spacing: -0.01em;
  -ms-letter-spacing: -0.01em;
  letter-spacing: -0.01em;
  font-weight: 500;
  text-align: center;
  color: #083350;
  text-overflow: ellipsis;
  overflow: hidden;
}

.c5 {
  font-family: Nunito Sans;
  font-size: 18px;
  line-height: 1.5;
  -webkit-letter-spacing: 0.01em;
  -moz-letter-spacing: 0.01em;
  -ms-letter-spacing: 0.01em;
  letter-spacing: 0.01em;
  font-weight: 600;
  text-align: center;
  color: #304A5D;
  text-overflow: ellipsis;
  overflow: hidden;
}

.c2 {
  color: #083350 !important;
}

@media (max-width:768px) {
  .c1 {
    display: -webkit-box;
    display: -webkit-flex;
    display: -ms-flexbox;
    display: flex;
    -webkit-flex-direction: column;
    -ms-flex-direction: column;
    flex-direction: column;
    -webkit-align-items: center;
    -webkit-box-align: center;
    -ms-flex-align: center;
    align-items: center;
    -webkit-box-pack: center;
    -webkit-justify-content: center;
    -ms-flex-pack: center;
    justify-content: center;
    width: 100%;
  }
}

<div
    class="c0"
  >
    <div
      class="c1"
      width="540px"
    >
      <svg
        class="c2"
        fill="none"
        height="144"
        viewBox="0 0 144 144"
        width="144"
        xmlns="http://www.w3.org/2000/svg"
      >
        <circle
          cx="72"
          cy="72"
          fill="#E8EEF4"
          r="72"
        />
        <path
          d="M68.1953 45.878C57.5268 45.878 48.8782 54.5265 48.8782 65.1951C48.8782 75.8636 57.5268 84.5121 68.1953 84.5121C78.8638 84.5121 87.5124 75.8636 87.5124 65.1951C87.5124 54.5265 78.8638 45.878 68.1953 45.878ZM42.4392 65.1951C42.4392 50.9704 53.9706 39.439 68.1953 39.439C82.42 39.439 93.9514 50.9704 93.9514 65.1951C93.9514 71.147 91.9325 76.6274 88.5422 80.9888L105.886 98.3332C107.144 99.5905 107.144 101.629 105.886 102.886C104.629 104.144 102.591 104.144 101.333 102.886L83.9891 85.5419C79.6277 88.9323 74.1473 90.9512 68.1953 90.9512C53.9706 90.9512 42.4392 79.4198 42.4392 65.1951Z"
          fill="#083350"
        />
        <path
          clip-rule="evenodd"
          d="M71.6287 65.2144L74.7509 68.3366C75.1907 68.792 75.4341 69.4019 75.4286 70.0351C75.4231 70.6682 75.1692 71.2738 74.7215 71.7215C74.2738 72.1692 73.6681 72.4232 73.035 72.4287C72.4019 72.4342 71.7919 72.1908 71.3365 71.7509L68.2143 68.6288L65.0921 71.7509C64.6367 72.1908 64.0268 72.4342 63.3936 72.4287C62.7605 72.4232 62.1549 72.1692 61.7072 71.7215C61.2595 71.2738 61.0055 70.6682 61 70.0351C60.9945 69.4019 61.2379 68.792 61.6778 68.3366L64.8 65.2144L61.6778 62.0922C61.2379 61.6368 60.9945 61.0268 61 60.3937C61.0055 59.7606 61.2595 59.1549 61.7072 58.7072C62.1549 58.2595 62.7605 58.0056 63.3936 58.0001C64.0268 57.9946 64.6367 58.238 65.0921 58.6778L68.2143 61.8L71.3365 58.6778C71.7919 58.238 72.4019 57.9946 73.035 58.0001C73.6681 58.0056 74.2738 58.2595 74.7215 58.7072C75.1692 59.1549 75.4231 59.7606 75.4286 60.3937C75.4341 61.0268 75.1907 61.6368 74.7509 62.0922L71.6287 65.2144Z"
          fill="#083350"
          fill-rule="evenodd"
        />
      </svg>
      <div
        class="c3"
      >
        <h2
          class="c4"
          color="primary"
        >
          aaaa
        </h2>
        <span
          class="c5"
          color="neutral"
        >
          bbbbb
        </span>
      </div>
    </div>
  </div>
</DocumentFragment>
`;
