// Jest Snapshot v1, https://goo.gl/fbAQLP

exports[`HubDate component matches snapshot 1`] = `
<DocumentFragment>
  .c4 {
  display: -webkit-inline-box;
  display: -webkit-inline-flex;
  display: -ms-inline-flexbox;
  display: inline-flex;
  -webkit-align-items: center;
  -webkit-box-align: center;
  -ms-flex-align: center;
  align-items: center;
  -webkit-box-pack: center;
  -webkit-justify-content: center;
  -ms-flex-pack: center;
  justify-content: center;
  gap: 8px;
  border-radius: 4px;
  border: none;
  font-weight: 600;
  -webkit-transition: background-color,outline 0.5s;
  transition: background-color,outline 0.5s;
  cursor: pointer;
  white-space: nowrap;
  -webkit-text-decoration: none;
  text-decoration: none;
  width: auto;
  height: auto;
  background-color: transparent;
  color: #083350;
}

.c4:disabled {
  color: #CAD3E1;
}

.c4:hover:not(:disabled) {
  color: #08273C;
}

.c5 {
  display: -webkit-box;
  display: -webkit-flex;
  display: -ms-flexbox;
  display: flex;
  -webkit-align-items: center;
  -webkit-box-align: center;
  -ms-flex-align: center;
  align-items: center;
  -webkit-box-pack: center;
  -webkit-justify-content: center;
  -ms-flex-pack: center;
  justify-content: center;
  border-radius: 50%;
  width: 24px;
  height: 24px;
  min-width: 24px;
}

.c5 svg {
  height: inherit;
  width: inherit;
  min-width: inherit;
  -webkit-transition: 0.3s ease-in-out -webkit-transform;
  -webkit-transition: 0.3s ease-in-out transform;
  transition: 0.3s ease-in-out transform;
}

.c2 {
  display: -webkit-box;
  display: -webkit-flex;
  display: -ms-flexbox;
  display: flex;
  -webkit-align-items: center;
  -webkit-box-align: center;
  -ms-flex-align: center;
  align-items: center;
  gap: 8px;
  width: 100%;
  min-height: 40px;
  border-radius: 4px;
}

.c3 {
  -webkit-flex: 1 1 auto;
  -ms-flex: 1 1 auto;
  flex: 1 1 auto;
}

.c0 {
  display: -webkit-box;
  display: -webkit-flex;
  display: -ms-flexbox;
  display: flex;
  -webkit-flex-direction: column;
  -ms-flex-direction: column;
  flex-direction: column;
  width: 100%;
}

.c0 .c1 {
  border: 1px solid #A2B2BF;
  background-color: #FFFFFF;
  padding: 8px;
}

<div
    class="c0"
  >
    <div
      class="c1 c2"
    >
      <input
        autocomplete="off"
        class=""
        id="hub-text-field-hub-date-"
        type="text"
        value=""
      />
      <div
        class="c3"
      />
      <button
        class="c4"
        type="button"
      >
        <div
          class="c5"
        >
          <svg
            fill="none"
            viewBox="0 0 24 24"
            xmlns="http://www.w3.org/2000/svg"
          >
            <path
              d="M12 19a1 1 0 1 0 0-2 1 1 0 0 0 0 2Zm5 0a1 1 0 1 0 0-2 1 1 0 0 0 0 2Zm0-4a1 1 0 1 0 0-2 1 1 0 0 0 0 2Zm-5 0a1 1 0 1 0 0-2 1 1 0 0 0 0 2Zm7-12h-1V2a1 1 0 0 0-2 0v1H8V2a1 1 0 0 0-2 0v1H5a3 3 0 0 0-3 3v14a3 3 0 0 0 3 3h14a3 3 0 0 0 3-3V6a3 3 0 0 0-3-3Zm1 17a1 1 0 0 1-1 1H5a1 1 0 0 1-1-1v-9h16v9Zm0-11H4V6a1 1 0 0 1 1-1h1v1a1 1 0 0 0 2 0V5h8v1a1 1 0 0 0 2 0V5h1a1 1 0 0 1 1 1v3ZM7 15a1 1 0 1 0 0-2 1 1 0 0 0 0 2Zm0 4a1 1 0 1 0 0-2 1 1 0 0 0 0 2Z"
              fill="#083350"
            />
          </svg>
        </div>
      </button>
    </div>
  </div>
</DocumentFragment>
`;
