// Jest Snapshot v1, https://goo.gl/fbAQLP

exports[`HubCalendar component matches snapshot 1`] = `
<DocumentFragment>
  .c1 {
  display: -webkit-box;
  display: -webkit-flex;
  display: -ms-flexbox;
  display: flex;
  -webkit-align-items: center;
  -webkit-box-align: center;
  -ms-flex-align: center;
  align-items: center;
  -webkit-box-pack: justify;
  -webkit-justify-content: space-between;
  -ms-flex-pack: justify;
  justify-content: space-between;
  gap: 16px;
  width: 100%;
}

.c5 {
  display: -webkit-box;
  display: -webkit-flex;
  display: -ms-flexbox;
  display: flex;
  -webkit-align-items: center;
  -webkit-box-align: center;
  -ms-flex-align: center;
  align-items: center;
  -webkit-box-pack: center;
  -webkit-justify-content: center;
  -ms-flex-pack: center;
  justify-content: center;
  gap: 8px;
  font-family: Kanit;
  font-size: 20px;
  line-height: 1.4;
  -webkit-letter-spacing: 0.01em;
  -moz-letter-spacing: 0.01em;
  -ms-letter-spacing: 0.01em;
  letter-spacing: 0.01em;
  font-weight: 500;
}

.c7 {
  background-color: transparent;
  color: #98AAC1;
  border: none;
}

.c7:hover {
  -webkit-text-decoration: underline;
  text-decoration: underline;
  cursor: pointer;
}

.c2 {
  display: -webkit-box;
  display: -webkit-flex;
  display: -ms-flexbox;
  display: flex;
  -webkit-align-items: center;
  -webkit-box-align: center;
  -ms-flex-align: center;
  align-items: center;
  -webkit-box-pack: center;
  -webkit-justify-content: center;
  -ms-flex-pack: center;
  justify-content: center;
  border: none;
  background-color: #E8EEF4;
  border-radius: 50%;
  cursor: pointer;
  height: 32px;
  width: 32px;
}

.c3 {
  -webkit-transform: rotate(-180deg);
  -ms-transform: rotate(-180deg);
  transform: rotate(-180deg);
}

.c8 {
  display: grid;
  -webkit-align-items: center;
  -webkit-box-align: center;
  -ms-flex-align: center;
  align-items: center;
  -webkit-box-pack: center;
  -webkit-justify-content: center;
  -ms-flex-pack: center;
  justify-content: center;
  justify-items: center;
  gap: 8px;
  grid-template-columns: auto auto auto auto auto auto auto;
  width: 100%;
}

.c9 {
  display: -webkit-box;
  display: -webkit-flex;
  display: -ms-flexbox;
  display: flex;
  -webkit-align-items: center;
  -webkit-box-align: center;
  -ms-flex-align: center;
  align-items: center;
  -webkit-box-pack: center;
  -webkit-justify-content: center;
  -ms-flex-pack: center;
  justify-content: center;
  font-family: Nunito Sans;
  font-size: 12px;
  line-height: 1.6666666666666667;
  -webkit-letter-spacing: 0.01em;
  -moz-letter-spacing: 0.01em;
  -ms-letter-spacing: 0.01em;
  letter-spacing: 0.01em;
  font-weight: 400;
}

.c11 {
  display: -webkit-box;
  display: -webkit-flex;
  display: -ms-flexbox;
  display: flex;
  -webkit-align-items: center;
  -webkit-box-align: center;
  -ms-flex-align: center;
  align-items: center;
  -webkit-box-pack: center;
  -webkit-justify-content: center;
  -ms-flex-pack: center;
  justify-content: center;
  color: #CCD5DD;
  background-color: transparent;
  border-radius: 50%;
  border: none;
  cursor: pointer;
  -webkit-transition: 0.5s ease background-color,0.2s ease color;
  transition: 0.5s ease background-color,0.2s ease color;
}

.c12 {
  display: -webkit-box;
  display: -webkit-flex;
  display: -ms-flexbox;
  display: flex;
  -webkit-align-items: center;
  -webkit-box-align: center;
  -ms-flex-align: center;
  align-items: center;
  -webkit-box-pack: center;
  -webkit-justify-content: center;
  -ms-flex-pack: center;
  justify-content: center;
  color: #1E71AE;
  background-color: #EEF8FF;
  border-radius: 50%;
  border: none;
  cursor: pointer;
  -webkit-transition: 0.5s ease background-color,0.2s ease color;
  transition: 0.5s ease background-color,0.2s ease color;
}

.c13 {
  display: -webkit-box;
  display: -webkit-flex;
  display: -ms-flexbox;
  display: flex;
  -webkit-align-items: center;
  -webkit-box-align: center;
  -ms-flex-align: center;
  align-items: center;
  -webkit-box-pack: center;
  -webkit-justify-content: center;
  -ms-flex-pack: center;
  justify-content: center;
  color: #040C12;
  background-color: transparent;
  border-radius: 50%;
  border: none;
  cursor: pointer;
  -webkit-transition: 0.5s ease background-color,0.2s ease color;
  transition: 0.5s ease background-color,0.2s ease color;
}

.c0 {
  display: -webkit-box;
  display: -webkit-flex;
  display: -ms-flexbox;
  display: flex;
  -webkit-align-items: center;
  -webkit-box-align: center;
  -ms-flex-align: center;
  align-items: center;
  -webkit-flex-direction: column;
  -ms-flex-direction: column;
  flex-direction: column;
  gap: 8px;
  width: 100%;
}

.c0 .c10 {
  width: 32px;
  height: 32px;
}

.c0 .c4,
.c0 .c6 {
  font-family: Kanit;
  font-size: 20px;
  line-height: 1.4;
  -webkit-letter-spacing: 0.01em;
  -moz-letter-spacing: 0.01em;
  -ms-letter-spacing: 0.01em;
  letter-spacing: 0.01em;
  font-weight: 400;
}

<div
    class="c0"
  >
    <div
      class="c1"
    >
      <button
        class="c2 c3"
        type="button"
      >
        <svg
          fill="none"
          height="12"
          viewBox="0 0 7 12"
          width="7"
          xmlns="http://www.w3.org/2000/svg"
        >
          <path
            d="M6.46677 5.48313L2.23243 1.2575C2.1396 1.16409 2.02914 1.08995 1.90745 1.03935C1.78575 0.988757 1.65522 0.962708 1.52338 0.962708C1.39155 0.962708 1.26102 0.988757 1.13932 1.03935C1.01762 1.08995 0.907169 1.16409 0.81433 1.2575C0.628328 1.44423 0.523926 1.69682 0.523926 1.96011C0.523926 2.2234 0.628328 2.476 0.81433 2.66272L4.3496 6.19072L0.81433 9.71872C0.628328 9.90545 0.523926 10.158 0.523926 10.4213C0.523926 10.6846 0.628328 10.9372 0.81433 11.1239C0.907645 11.2163 1.01831 11.2894 1.13999 11.339C1.26166 11.3886 1.39195 11.4137 1.52338 11.413C1.65481 11.4137 1.7851 11.3886 1.90678 11.339C2.02845 11.2894 2.13912 11.2163 2.23243 11.1239L6.46677 6.89831C6.56038 6.80567 6.63467 6.69544 6.68537 6.57399C6.73607 6.45255 6.76218 6.32229 6.76218 6.19072C6.76218 6.05916 6.73607 5.92889 6.68537 5.80745C6.63467 5.686 6.56038 5.57578 6.46677 5.48313Z"
            fill="#040C12"
          />
        </svg>
      </button>
      <div
        class="c4 c5"
      >
        <button
          class="c6 c7"
          type="button"
        >
          Janeiro
        </button>
        <button
          class="c6 c7"
          type="button"
        >
          1970
        </button>
      </div>
      <button
        class="c2"
        type="button"
      >
        <svg
          fill="none"
          height="12"
          viewBox="0 0 7 12"
          width="7"
          xmlns="http://www.w3.org/2000/svg"
        >
          <path
            d="M6.46677 5.48313L2.23243 1.2575C2.1396 1.16409 2.02914 1.08995 1.90745 1.03935C1.78575 0.988757 1.65522 0.962708 1.52338 0.962708C1.39155 0.962708 1.26102 0.988757 1.13932 1.03935C1.01762 1.08995 0.907169 1.16409 0.81433 1.2575C0.628328 1.44423 0.523926 1.69682 0.523926 1.96011C0.523926 2.2234 0.628328 2.476 0.81433 2.66272L4.3496 6.19072L0.81433 9.71872C0.628328 9.90545 0.523926 10.158 0.523926 10.4213C0.523926 10.6846 0.628328 10.9372 0.81433 11.1239C0.907645 11.2163 1.01831 11.2894 1.13999 11.339C1.26166 11.3886 1.39195 11.4137 1.52338 11.413C1.65481 11.4137 1.7851 11.3886 1.90678 11.339C2.02845 11.2894 2.13912 11.2163 2.23243 11.1239L6.46677 6.89831C6.56038 6.80567 6.63467 6.69544 6.68537 6.57399C6.73607 6.45255 6.76218 6.32229 6.76218 6.19072C6.76218 6.05916 6.73607 5.92889 6.68537 5.80745C6.63467 5.686 6.56038 5.57578 6.46677 5.48313Z"
            fill="#040C12"
          />
        </svg>
      </button>
    </div>
    <div
      class="c8"
    >
      <span
        class="c9"
      >
        DOM.
      </span>
      <span
        class="c9"
      >
        SEG.
      </span>
      <span
        class="c9"
      >
        TER.
      </span>
      <span
        class="c9"
      >
        QUA.
      </span>
      <span
        class="c9"
      >
        QUI.
      </span>
      <span
        class="c9"
      >
        SEX.
      </span>
      <span
        class="c9"
      >
        S√ÅB.
      </span>
      <button
        class="c10 c11"
        label="28"
        type="button"
      >
        28
      </button>
      <button
        class="c10 c11"
        label="29"
        type="button"
      >
        29
      </button>
      <button
        class="c10 c11"
        label="30"
        type="button"
      >
        30
      </button>
      <button
        class="c10 c11"
        label="31"
        type="button"
      >
        31
      </button>
      <button
        class="c10 c12"
        label="1"
        title="Hoje"
        type="button"
      >
        1
      </button>
      <button
        class="c10 c13"
        label="2"
        type="button"
      >
        2
      </button>
      <button
        class="c10 c13"
        label="3"
        type="button"
      >
        3
      </button>
      <button
        class="c10 c13"
        label="4"
        type="button"
      >
        4
      </button>
      <button
        class="c10 c13"
        label="5"
        type="button"
      >
        5
      </button>
      <button
        class="c10 c13"
        label="6"
        type="button"
      >
        6
      </button>
      <button
        class="c10 c13"
        label="7"
        type="button"
      >
        7
      </button>
      <button
        class="c10 c13"
        label="8"
        type="button"
      >
        8
      </button>
      <button
        class="c10 c13"
        label="9"
        type="button"
      >
        9
      </button>
      <button
        class="c10 c13"
        label="10"
        type="button"
      >
        10
      </button>
      <button
        class="c10 c13"
        label="11"
        type="button"
      >
        11
      </button>
      <button
        class="c10 c13"
        label="12"
        type="button"
      >
        12
      </button>
      <button
        class="c10 c13"
        label="13"
        type="button"
      >
        13
      </button>
      <button
        class="c10 c13"
        label="14"
        type="button"
      >
        14
      </button>
      <button
        class="c10 c13"
        label="15"
        type="button"
      >
        15
      </button>
      <button
        class="c10 c13"
        label="16"
        type="button"
      >
        16
      </button>
      <button
        class="c10 c13"
        label="17"
        type="button"
      >
        17
      </button>
      <button
        class="c10 c13"
        label="18"
        type="button"
      >
        18
      </button>
      <button
        class="c10 c13"
        label="19"
        type="button"
      >
        19
      </button>
      <button
        class="c10 c13"
        label="20"
        type="button"
      >
        20
      </button>
      <button
        class="c10 c13"
        label="21"
        type="button"
      >
        21
      </button>
      <button
        class="c10 c13"
        label="22"
        type="button"
      >
        22
      </button>
      <button
        class="c10 c13"
        label="23"
        type="button"
      >
        23
      </button>
      <button
        class="c10 c13"
        label="24"
        type="button"
      >
        24
      </button>
      <button
        class="c10 c13"
        label="25"
        type="button"
      >
        25
      </button>
      <button
        class="c10 c13"
        label="26"
        type="button"
      >
        26
      </button>
      <button
        class="c10 c13"
        label="27"
        type="button"
      >
        27
      </button>
      <button
        class="c10 c13"
        label="28"
        type="button"
      >
        28
      </button>
      <button
        class="c10 c13"
        label="29"
        type="button"
      >
        29
      </button>
      <button
        class="c10 c13"
        label="30"
        type="button"
      >
        30
      </button>
      <button
        class="c10 c13"
        label="31"
        type="button"
      >
        31
      </button>
    </div>
  </div>
</DocumentFragment>
`;
