// Jest Snapshot v1, https://goo.gl/fbAQLP

exports[`HubSeparator component matches snapshot 1`] = `
<DocumentFragment>
  .c0 {
  border-radius: 2px;
  background-color: #CCD5DD;
  width: 100%;
  height: 1px;
  min-height: 1px;
}

<div
    class="c0"
  />
</DocumentFragment>
`;
