// Jest Snapshot v1, https://goo.gl/fbAQLP

exports[`HubTabs component matches snapshot 1`] = `
<DocumentFragment>
  .c0 {
  display: -webkit-box;
  display: -webkit-flex;
  display: -ms-flexbox;
  display: flex;
  -webkit-align-items: center;
  -webkit-box-align: center;
  -ms-flex-align: center;
  align-items: center;
  color: #DEE2E6;
  width: 100%;
  overflow: auto hidden;
}

<div
    class="c0"
  />
</DocumentFragment>
`;
