// Jest Snapshot v1, https://goo.gl/fbAQLP

exports[`HubModalRight component matches snapshot 1`] = `<DocumentFragment />`;
