// Jest Snapshot v1, https://goo.gl/fbAQLP

exports[`HubCheckbox component matches snapshot 1`] = `
<DocumentFragment>
  .c2 {
  display: -webkit-box;
  display: -webkit-flex;
  display: -ms-flexbox;
  display: flex;
  -webkit-align-items: center;
  -webkit-box-align: center;
  -ms-flex-align: center;
  align-items: center;
  -webkit-box-pack: center;
  -webkit-justify-content: center;
  -ms-flex-pack: center;
  justify-content: center;
  -webkit-transition: background-color 0.5s;
  transition: background-color 0.5s;
}

.c3 {
  display: none;
}

.c4 {
  font-family: Nunito Sans;
  font-size: 14px;
  line-height: 1.6666666666666667;
  -webkit-letter-spacing: 0.01em;
  -moz-letter-spacing: 0.01em;
  -ms-letter-spacing: 0.01em;
  letter-spacing: 0.01em;
  font-weight: 400;
  margin-left: 8px;
}

.c0 {
  display: -webkit-box;
  display: -webkit-flex;
  display: -ms-flexbox;
  display: flex;
  -webkit-align-items: center;
  -webkit-box-align: center;
  -ms-flex-align: center;
  align-items: center;
  -webkit-box-pack: start;
  -webkit-justify-content: start;
  -ms-flex-pack: start;
  justify-content: start;
}

.c0 .c1 {
  background-color: #083350;
  color: #FFFFFF;
  border: 1px solid transparent;
  border-radius: 4px;
  min-width: 16px;
  width: 16px;
  height: 16px;
}

<div
    class="c0"
    id="test"
  >
    <div
      class="c1 c2"
      id="hub-checkbox-icon-test"
    >
      <svg
        fill="none"
        height="8"
        viewBox="0 0 14 12"
        width="10"
        xmlns="http://www.w3.org/2000/svg"
      >
        <path
          d="M13.7 1.20039C13.3 0.800391 12.7 0.800391 12.3 1.20039L4.8 8.70039L1.7 5.60039C1.3 5.20039 0.7 5.20039 0.3 5.60039C-0.1 6.00039 -0.1 6.60039 0.3 7.00039L4.1 10.8004C4.3 11.0004 4.5 11.1004 4.8 11.1004C5.1 11.1004 5.3 11.0004 5.5 10.8004L13.7 2.60039C14.1 2.20039 14.1 1.60039 13.7 1.20039Z"
          fill="currentColor"
        />
      </svg>
    </div>
    <input
      checked=""
      class="c3"
      id="hub-checkbox-test"
      type="checkbox"
    />
    <label
      class="c4"
      for="hub-checkbox-test"
    >
      Test
    </label>
  </div>
</DocumentFragment>
`;
