// Jest Snapshot v1, https://goo.gl/fbAQLP

exports[`HubNavbar component matches snapshot 1`] = `
<DocumentFragment>
  .c0 {
  display: -webkit-box;
  display: -webkit-flex;
  display: -ms-flexbox;
  display: flex;
  -webkit-align-items: center;
  -webkit-box-align: center;
  -ms-flex-align: center;
  align-items: center;
  width: 100%;
  height: 75px;
  gap: 24px;
  background-color: #083350;
  color: #FFFFFF;
  padding: 0 32px;
}

@media (max-width:768px) {
  .c0 {
    padding: 0 16px;
  }
}

<div
    class="c0"
  />
</DocumentFragment>
`;
