// Jest Snapshot v1, https://goo.gl/fbAQLP

exports[`HubForm component matches snapshot 1`] = `
<DocumentFragment>
  .c0 {
  display: -webkit-box;
  display: -webkit-flex;
  display: -ms-flexbox;
  display: flex;
  -webkit-flex-direction: column;
  -ms-flex-direction: column;
  flex-direction: column;
  gap: 16px;
  width: 100%;
}

<form
    class="c0"
  />
</DocumentFragment>
`;
