// Jest Snapshot v1, https://goo.gl/fbAQLP

exports[`HubWebCam component matches snapshot 1`] = `<DocumentFragment />`;
