// Jest Snapshot v1, https://goo.gl/fbAQLP

exports[`HubYesNo component matches snapshot 1`] = `<DocumentFragment />`;
