// Jest Snapshot v1, https://goo.gl/fbAQLP

exports[`HubModalAlert component matches snapshot 1`] = `<DocumentFragment />`;
