// Jest Snapshot v1, https://goo.gl/fbAQLP

exports[`HubProgressStep component matches snapshot 1`] = `
<DocumentFragment>
  .c2 {
  display: -webkit-box;
  display: -webkit-flex;
  display: -ms-flexbox;
  display: flex;
  -webkit-box-pack: center;
  -webkit-justify-content: center;
  -ms-flex-pack: center;
  justify-content: center;
  -webkit-align-items: center;
  -webkit-box-align: center;
  -ms-flex-align: center;
  align-items: center;
  position: relative;
  width: 100%;
}

.c3 {
  display: -webkit-box;
  display: -webkit-flex;
  display: -ms-flexbox;
  display: flex;
  -webkit-align-items: center;
  -webkit-box-align: center;
  -ms-flex-align: center;
  align-items: center;
  position: absolute;
  width: 100%;
  z-index: 1;
}

.c4 {
  width: 50%;
  height: 1px;
  background-color: #ADB5BD;
}

.c6 {
  display: -webkit-box;
  display: -webkit-flex;
  display: -ms-flexbox;
  display: flex;
  -webkit-align-items: center;
  -webkit-box-align: center;
  -ms-flex-align: center;
  align-items: center;
  -webkit-box-pack: center;
  -webkit-justify-content: center;
  -ms-flex-pack: center;
  justify-content: center;
  position: absolute;
  z-index: 2;
  border-radius: 50%;
  gap: 4px;
}

.c0 {
  display: -webkit-box;
  display: -webkit-flex;
  display: -ms-flexbox;
  display: flex;
  -webkit-flex-direction: column;
  -ms-flex-direction: column;
  flex-direction: column;
  -webkit-align-items: center;
  -webkit-box-align: center;
  -ms-flex-align: center;
  align-items: center;
  -webkit-box-pack: center;
  -webkit-justify-content: center;
  -ms-flex-pack: center;
  justify-content: center;
  width: 100%;
  text-align: center;
  gap: 8px;
}

.c0 .c5 {
  width: 28px;
  height: 28px;
  background-color: #FFFFFF;
  border: 1px solid #083350;
}

.c0 .c1 {
  height: 28px;
}

<div
    class="c0"
  >
    <div
      class="c1 c2"
    >
      <div
        class="c3"
      >
        <div
          class="c4"
        />
        <div
          class="c4"
        />
      </div>
      <div
        class="c5 c6"
      />
    </div>
  </div>
</DocumentFragment>
`;
