// Jest Snapshot v1, https://goo.gl/fbAQLP

exports[`HubPagination component matches snapshot 1`] = `
<DocumentFragment>
  .c1 {
  display: -webkit-box;
  display: -webkit-flex;
  display: -ms-flexbox;
  display: flex;
  -webkit-align-items: center;
  -webkit-box-align: center;
  -ms-flex-align: center;
  align-items: center;
  gap: 8px;
  font-weight: 600;
  color: #868E96;
  border: none;
  outline: none;
  background-color: transparent;
}

.c1 svg {
  -webkit-transform: rotate(180deg);
  -ms-transform: rotate(180deg);
  transform: rotate(180deg);
}

.c3 {
  display: -webkit-box;
  display: -webkit-flex;
  display: -ms-flexbox;
  display: flex;
  -webkit-align-items: center;
  -webkit-box-align: center;
  -ms-flex-align: center;
  align-items: center;
  gap: 8px;
  font-weight: 600;
  color: #868E96;
  border: none;
  outline: none;
  background-color: transparent;
}

.c2 {
  display: -webkit-box;
  display: -webkit-flex;
  display: -ms-flexbox;
  display: flex;
  -webkit-align-items: center;
  -webkit-box-align: center;
  -ms-flex-align: center;
  align-items: center;
  gap: 8px;
  font-weight: 600;
  color: #868E96;
  border: none;
  outline: none;
  background-color: transparent;
  -webkit-box-pack: center;
  -webkit-justify-content: center;
  -ms-flex-pack: center;
  justify-content: center;
  width: 32px;
  height: 32px;
  border-radius: 4px;
}

.c0 {
  display: -webkit-box;
  display: -webkit-flex;
  display: -ms-flexbox;
  display: flex;
  -webkit-align-items: center;
  -webkit-box-align: center;
  -ms-flex-align: center;
  align-items: center;
  gap: 16px;
  color: #868E96;
}

<div
    class="c0"
  >
    <button
      class="c1"
      type="button"
    >
      <svg
        fill="none"
        height="16"
        viewBox="0 0 16 16"
        width="16"
        xmlns="http://www.w3.org/2000/svg"
      >
        <path
          d="M9.88712 7.52655L7.06045 4.69988C6.99847 4.6374 6.92474 4.5878 6.8435 4.55396C6.76226 4.52011 6.67512 4.50269 6.58712 4.50269C6.49911 4.50269 6.41197 4.52011 6.33073 4.55396C6.24949 4.5878 6.17576 4.6374 6.11378 4.69988C5.98962 4.82479 5.91992 4.99376 5.91992 5.16988C5.91992 5.34601 5.98962 5.51498 6.11378 5.63988L8.47378 7.99988L6.11378 10.3599C5.98962 10.4848 5.91992 10.6538 5.91992 10.8299C5.91992 11.006 5.98962 11.175 6.11378 11.2999C6.17608 11.3617 6.24995 11.4106 6.33118 11.4437C6.4124 11.4769 6.49938 11.4937 6.58712 11.4932C6.67485 11.4937 6.76183 11.4769 6.84305 11.4437C6.92428 11.4106 6.99816 11.3617 7.06045 11.2999L9.88712 8.47322C9.9496 8.41124 9.9992 8.33751 10.033 8.25627C10.0669 8.17503 10.0843 8.08789 10.0843 7.99988C10.0843 7.91188 10.0669 7.82474 10.033 7.7435C9.9992 7.66226 9.9496 7.58853 9.88712 7.52655Z"
          fill="currentColor"
        />
      </svg>
    </button>
    <button
      class="c2"
      type="button"
    >
      1
    </button>
    <button
      class="c3"
      type="button"
    >
      <svg
        fill="none"
        height="16"
        viewBox="0 0 16 16"
        width="16"
        xmlns="http://www.w3.org/2000/svg"
      >
        <path
          d="M9.88712 7.52655L7.06045 4.69988C6.99847 4.6374 6.92474 4.5878 6.8435 4.55396C6.76226 4.52011 6.67512 4.50269 6.58712 4.50269C6.49911 4.50269 6.41197 4.52011 6.33073 4.55396C6.24949 4.5878 6.17576 4.6374 6.11378 4.69988C5.98962 4.82479 5.91992 4.99376 5.91992 5.16988C5.91992 5.34601 5.98962 5.51498 6.11378 5.63988L8.47378 7.99988L6.11378 10.3599C5.98962 10.4848 5.91992 10.6538 5.91992 10.8299C5.91992 11.006 5.98962 11.175 6.11378 11.2999C6.17608 11.3617 6.24995 11.4106 6.33118 11.4437C6.4124 11.4769 6.49938 11.4937 6.58712 11.4932C6.67485 11.4937 6.76183 11.4769 6.84305 11.4437C6.92428 11.4106 6.99816 11.3617 7.06045 11.2999L9.88712 8.47322C9.9496 8.41124 9.9992 8.33751 10.033 8.25627C10.0669 8.17503 10.0843 8.08789 10.0843 7.99988C10.0843 7.91188 10.0669 7.82474 10.033 7.7435C9.9992 7.66226 9.9496 7.58853 9.88712 7.52655Z"
          fill="currentColor"
        />
      </svg>
    </button>
  </div>
</DocumentFragment>
`;
