// Jest Snapshot v1, https://goo.gl/fbAQLP

exports[`HubAvatar component matches snapshot 1`] = `
<DocumentFragment>
  .c1 {
  width: 100%;
  height: 100%;
  background-size: cover;
  border-radius: 50%;
}

.c0 {
  width: 40px;
  height: 40px;
  min-width: 40px;
  padding: 4px;
  border: 1px solid #A2B2BF;
  border-radius: 50%;
}

<div
    class="c0"
  >
    <img
      alt="logo"
      class="c1"
      src="/assets/logo192.png"
    />
  </div>
</DocumentFragment>
`;
