// Jest Snapshot v1, https://goo.gl/fbAQLP

exports[`HubPrintable component matches snapshot 1`] = `
<DocumentFragment>
  PRINT GLOBAL MODE
</DocumentFragment>
`;
