// Jest Snapshot v1, https://goo.gl/fbAQLP

exports[`HubPhotoUpload component matches snapshot 1`] = `
<DocumentFragment>
  .c3 {
  display: -webkit-box;
  display: -webkit-flex;
  display: -ms-flexbox;
  display: flex;
  -webkit-align-items: center;
  -webkit-box-align: center;
  -ms-flex-align: center;
  align-items: center;
  -webkit-box-pack: center;
  -webkit-justify-content: center;
  -ms-flex-pack: center;
  justify-content: center;
  width: 100%;
  height: 100%;
  border-radius: 50%;
}

.c1 {
  width: 104px;
  height: 104px;
  min-width: 104px;
  padding: 4px;
  border: 1px solid #A2B2BF;
  border-radius: 50%;
}

.c1 .c2 {
  font-family: Kanit;
  font-size: 24px;
  line-height: 1.3333333333333333;
  -webkit-letter-spacing: 0em;
  -moz-letter-spacing: 0em;
  -ms-letter-spacing: 0em;
  letter-spacing: 0em;
  color: #040C12;
}

.c6 {
  display: -webkit-inline-box;
  display: -webkit-inline-flex;
  display: -ms-inline-flexbox;
  display: inline-flex;
  -webkit-align-items: center;
  -webkit-box-align: center;
  -ms-flex-align: center;
  align-items: center;
  -webkit-box-pack: center;
  -webkit-justify-content: center;
  -ms-flex-pack: center;
  justify-content: center;
  gap: 8px;
  border-radius: 4px;
  border: none;
  font-weight: 600;
  -webkit-transition: background-color,outline 0.5s;
  transition: background-color,outline 0.5s;
  cursor: pointer;
  white-space: nowrap;
  -webkit-text-decoration: none;
  text-decoration: none;
  width: auto;
  height: auto;
  background-color: transparent;
  color: #083350;
}

.c6:disabled {
  color: #CAD3E1;
}

.c6:hover:not(:disabled) {
  color: #08273C;
}

.c0 {
  position: relative;
  display: -webkit-box;
  display: -webkit-flex;
  display: -ms-flexbox;
  display: flex;
  -webkit-flex-direction: column;
  -ms-flex-direction: column;
  flex-direction: column;
  -webkit-align-items: center;
  -webkit-box-align: center;
  -ms-flex-align: center;
  align-items: center;
  -webkit-box-pack: start;
  -webkit-justify-content: start;
  -ms-flex-pack: start;
  justify-content: start;
  width: 124px;
}

.c4 {
  position: absolute;
  bottom: 0px;
  display: -webkit-box;
  display: -webkit-flex;
  display: -ms-flexbox;
  display: flex;
  -webkit-flex-direction: row;
  -ms-flex-direction: row;
  flex-direction: row;
  -webkit-align-items: center;
  -webkit-box-align: center;
  -ms-flex-align: center;
  align-items: center;
  -webkit-box-pack: end;
  -webkit-justify-content: end;
  -ms-flex-pack: end;
  justify-content: end;
  width: 100%;
}

.c7 {
  display: -webkit-box;
  display: -webkit-flex;
  display: -ms-flexbox;
  display: flex;
  -webkit-align-items: center;
  -webkit-box-align: center;
  -ms-flex-align: center;
  align-items: center;
  -webkit-box-pack: center;
  -webkit-justify-content: center;
  -ms-flex-pack: center;
  justify-content: center;
  border-radius: 50%;
  width: 24px;
  height: 24px;
  min-width: 24px;
}

.c7 svg {
  height: inherit;
  width: inherit;
  min-width: inherit;
  -webkit-transition: 0.3s ease-in-out -webkit-transform;
  -webkit-transition: 0.3s ease-in-out transform;
  transition: 0.3s ease-in-out transform;
}

.c5 {
  display: -webkit-box;
  display: -webkit-flex;
  display: -ms-flexbox;
  display: flex;
  -webkit-align-items: center;
  -webkit-box-align: center;
  -ms-flex-align: center;
  align-items: center;
  -webkit-box-pack: center;
  -webkit-justify-content: center;
  -ms-flex-pack: center;
  justify-content: center;
}

<div
    class="c0"
    width="124px"
  >
    <div
      class="c1"
    >
      <span
        class="c2 c3"
      >
        JD
      </span>
    </div>
    <div
      class="c4"
    >
      <div
        class=""
      >
        <div
          class="c5"
        >
          <button
            class="c6"
            type="button"
          >
            <div
              class="c7"
            >
              <svg
                fill="none"
                viewBox="0 0 24 24"
                xmlns="http://www.w3.org/2000/svg"
              >
                <path
                  d="M22 7.24a.999.999 0 0 0-.29-.71l-4.24-4.24a.999.999 0 0 0-.71-.29 1 1 0 0 0-.71.29l-2.83 2.83L2.29 16.05a1.001 1.001 0 0 0-.29.71V21a1 1 0 0 0 1 1h4.24a1.001 1.001 0 0 0 .76-.29l10.87-10.93L21.71 8c.091-.097.166-.208.22-.33.01-.08.01-.16 0-.24a.697.697 0 0 0 0-.14l.07-.05ZM6.83 20H4v-2.83l9.93-9.93 2.83 2.83L6.83 20ZM18.17 8.66l-2.83-2.83 1.42-1.41 2.82 2.82-1.41 1.42Z"
                  fill="#083350"
                />
              </svg>
            </div>
          </button>
        </div>
      </div>
    </div>
  </div>
</DocumentFragment>
`;
