// Jest Snapshot v1, https://goo.gl/fbAQLP

exports[`HubProgressBar component matches snapshot 1`] = `
<DocumentFragment>
  .c2 {
  width: 100%;
  height: 100%;
  overflow: hidden;
}

.c4 {
  height: 100%;
}

.c0 {
  display: -webkit-box;
  display: -webkit-flex;
  display: -ms-flexbox;
  display: flex;
  -webkit-align-items: end;
  -webkit-box-align: end;
  -ms-flex-align: end;
  align-items: end;
  gap: 8px;
  width: 100%;
  height: 4px;
}

.c0 .c1 {
  background-color: #98AAC1;
  border-radius: 8px;
}

.c0 .c3 {
  background-color: #083350;
  width: 50%;
  -webkit-transition: width 1s;
  transition: width 1s;
  border-radius: 8px;
}

<div
    class="c0"
  >
    <div
      class="c1 c2"
    >
      <div
        class="c3 c4"
      />
    </div>
  </div>
</DocumentFragment>
`;
