// Jest Snapshot v1, https://goo.gl/fbAQLP

exports[`HubPopover component matches snapshot 1`] = `<DocumentFragment />`;
